2026-05-15T20:00:01Z INFO auth login ok